---
source: tui/src/update_prompt.rs
expression: terminal.backend()
---

  ✨ Codex + LHC update available! 0.153.3 -> 9.9.9-lhc.1

  Release notes: https://github.com/liminal-ai/codex-lhc/releases/latest

› 1. Update now (re-runs the Codex + LHC installer)                             
  2. Skip
  3. Skip until next version

  Press enter to continue
