---
source: tui/src/history_cell/tests.rs
expression: rendered
---
╭─────────────────────────────────────────────────────────╮
│ ✨ Codex + LHC update available! 0.153.3 -> 9.9.9       │
│ Run your Codex + LHC command with update to install it. │
│                                                         │
│ See full release notes:                                 │
│ https://github.com/liminal-ai/codex-lhc/releases/latest │
╰─────────────────────────────────────────────────────────╯
