---
source: tui/src/history_cell/tests.rs
expression: rendered
---
╭─────────────────────────────────────────────────────────╮
│ ✨ Codex + LHC update available! 0.153.4 -> 9.9.9       │
│ Run vp install -g @openai/codex to update.              │
│                                                         │
│ See full release notes:                                 │
│ https://github.com/liminal-ai/codex-lhc/releases/latest │
╰─────────────────────────────────────────────────────────╯
